---
source: src/generator/lang/typescript.rs
expression: result
---
"export type ObjectArray = {\n  head: {\n    cmd: \"hello\";\n  };\n  body: {\n    count: number;\n  };\n}[];\n"

