---
source: src/generator/lang/typescript.rs
expression: result
---
"export type TestArray = number[];\n"

