---
source: src/generator/lang/go.rs
expression: result
---
"type NestedArray [][]int\n"

