---
source: src/generator/lang/typescript.rs
expression: result
---
"export type NestedArray = number[][];\n"

