---
source: src/generator/lang/go.rs
expression: result
---
"\ntype StringEnum string\nconst (\n    Hello StringEnum = \"hello\"\n    World StringEnum = \"world\"\n)\n\n"

