---
source: src/generator/lang/go.rs
expression: result
---
"type ObjectArray []struct {\n    Head struct {\n        Cmd string `json:\"cmd\"`\n    } `json:\"head\"`\n    Body struct {\n        Count int `json:\"count\"`\n    } `json:\"body\"`\n}\n"

